[2026-02-08 12:50:30] Alii Protection Agent Agent starting...
[2026-02-08 12:50:30] Scanning open ports...
[2026-02-08 12:50:30] Found 48 listening ports
[2026-02-08 12:50:30] Checking suspicious processes...
[2026-02-08 12:50:30] Error: AliiProtectionAgent.log() takes 2 positional arguments but 3 were given
[2026-02-08 12:51:30] Scanning open ports...
[2026-02-08 12:51:30] Found 49 listening ports
[2026-02-08 12:51:30] Checking suspicious processes...
[2026-02-08 12:51:30] Error: AliiProtectionAgent.log() takes 2 positional arguments but 3 were given
[2026-02-08 12:52:30] Scanning open ports...
[2026-02-08 12:52:30] Found 48 listening ports
[2026-02-08 12:52:30] Checking suspicious processes...
[2026-02-08 12:52:30] Error: AliiProtectionAgent.log() takes 2 positional arguments but 3 were given
[2026-02-08 12:53:30] Scanning open ports...
[2026-02-08 12:53:30] Found 49 listening ports
[2026-02-08 12:53:30] Checking suspicious processes...
[2026-02-08 12:53:30] Error: AliiProtectionAgent.log() takes 2 positional arguments but 3 were given
[2026-02-08 12:54:30] Scanning open ports...
[2026-02-08 12:54:30] Found 48 listening ports
[2026-02-08 12:54:30] Checking suspicious processes...
[2026-02-08 12:54:30] Error: AliiProtectionAgent.log() takes 2 positional arguments but 3 were given
[2026-02-08 12:55:30] Scanning open ports...
[2026-02-08 12:55:30] Found 48 listening ports
[2026-02-08 12:55:30] Checking suspicious processes...
[2026-02-08 12:55:30] Error: AliiProtectionAgent.log() takes 2 positional arguments but 3 were given
[2026-02-08 12:56:30] Scanning open ports...
[2026-02-08 12:56:30] Found 49 listening ports
[2026-02-08 12:56:30] Checking suspicious processes...
[2026-02-08 12:56:30] Error: AliiProtectionAgent.log() takes 2 positional arguments but 3 were given
[2026-02-08 12:57:30] Scanning open ports...
[2026-02-08 12:57:30] Found 48 listening ports
[2026-02-08 12:57:30] Checking suspicious processes...
[2026-02-08 12:57:30] Error: AliiProtectionAgent.log() takes 2 positional arguments but 3 were given
[2026-02-08 12:58:30] Scanning open ports...
[2026-02-08 12:58:30] Found 49 listening ports
[2026-02-08 12:58:30] Checking suspicious processes...
[2026-02-08 12:58:30] Error: AliiProtectionAgent.log() takes 2 positional arguments but 3 were given
[2026-02-08 12:59:30] Scanning open ports...
[2026-02-08 12:59:30] Found 48 listening ports
[2026-02-08 12:59:30] Checking suspicious processes...
[2026-02-08 12:59:30] Error: AliiProtectionAgent.log() takes 2 positional arguments but 3 were given
[2026-02-08 13:00:30] Scanning open ports...
[2026-02-08 13:00:30] Found 49 listening ports
[2026-02-08 13:00:30] Checking suspicious processes...
[2026-02-08 13:00:30] Error: AliiProtectionAgent.log() takes 2 positional arguments but 3 were given
[2026-02-08 13:01:30] Scanning open ports...
[2026-02-08 13:01:30] Found 48 listening ports
[2026-02-08 13:01:30] Checking suspicious processes...
[2026-02-08 13:01:30] Error: AliiProtectionAgent.log() takes 2 positional arguments but 3 were given
[2026-02-08 13:02:30] Scanning open ports...
[2026-02-08 13:02:30] Found 49 listening ports
[2026-02-08 13:02:30] Checking suspicious processes...
[2026-02-08 13:02:30] Error: AliiProtectionAgent.log() takes 2 positional arguments but 3 were given
[2026-02-08 13:03:30] Scanning open ports...
[2026-02-08 13:03:30] Found 48 listening ports
[2026-02-08 13:03:30] Checking suspicious processes...
[2026-02-08 13:03:30] Error: AliiProtectionAgent.log() takes 2 positional arguments but 3 were given
[2026-02-08 13:04:30] Scanning open ports...
[2026-02-08 13:04:30] Found 49 listening ports
[2026-02-08 13:04:30] Checking suspicious processes...
[2026-02-08 13:04:30] Error: AliiProtectionAgent.log() takes 2 positional arguments but 3 were given
[2026-02-08 13:05:30] Scanning open ports...
[2026-02-08 13:05:30] Found 48 listening ports
[2026-02-08 13:05:30] Checking suspicious processes...
[2026-02-08 13:05:30] Error: AliiProtectionAgent.log() takes 2 positional arguments but 3 were given
[2026-02-08 13:06:30] Scanning open ports...
[2026-02-08 13:06:30] Found 49 listening ports
[2026-02-08 13:06:30] Checking suspicious processes...
[2026-02-08 13:06:30] Error: AliiProtectionAgent.log() takes 2 positional arguments but 3 were given
[2026-02-08 13:07:30] Scanning open ports...
[2026-02-08 13:07:31] Found 48 listening ports
[2026-02-08 13:07:31] Checking suspicious processes...
[2026-02-08 13:07:31] Error: AliiProtectionAgent.log() takes 2 positional arguments but 3 were given
[2026-02-08 13:08:31] Scanning open ports...
[2026-02-08 13:08:31] Found 49 listening ports
[2026-02-08 13:08:31] Checking suspicious processes...
[2026-02-08 13:08:31] Error: AliiProtectionAgent.log() takes 2 positional arguments but 3 were given
[2026-02-08 13:09:31] Scanning open ports...
[2026-02-08 13:09:31] Found 48 listening ports
[2026-02-08 13:09:31] Checking suspicious processes...
[2026-02-08 13:09:31] Error: AliiProtectionAgent.log() takes 2 positional arguments but 3 were given
[2026-02-08 13:10:31] Scanning open ports...
[2026-02-08 13:10:31] Found 49 listening ports
[2026-02-08 13:10:31] Checking suspicious processes...
[2026-02-08 13:10:31] Error: AliiProtectionAgent.log() takes 2 positional arguments but 3 were given
[2026-02-08 13:11:31] Scanning open ports...
[2026-02-08 13:11:31] Found 49 listening ports
[2026-02-08 13:11:31] Checking suspicious processes...
[2026-02-08 13:11:31] Error: AliiProtectionAgent.log() takes 2 positional arguments but 3 were given
[2026-02-08 13:12:31] Scanning open ports...
[2026-02-08 13:12:31] Found 48 listening ports
[2026-02-08 13:12:31] Checking suspicious processes...
[2026-02-08 13:12:31] Error: AliiProtectionAgent.log() takes 2 positional arguments but 3 were given
[2026-02-08 13:13:31] Scanning open ports...
[2026-02-08 13:13:31] Found 49 listening ports
[2026-02-08 13:13:31] Checking suspicious processes...
[2026-02-08 13:13:31] Error: AliiProtectionAgent.log() takes 2 positional arguments but 3 were given
[2026-02-08 13:14:31] Scanning open ports...
[2026-02-08 13:14:31] Found 48 listening ports
[2026-02-08 13:14:31] Checking suspicious processes...
[2026-02-08 13:14:31] Error: AliiProtectionAgent.log() takes 2 positional arguments but 3 were given
[2026-02-08 13:15:31] Scanning open ports...
[2026-02-08 13:15:31] Found 49 listening ports
[2026-02-08 13:15:31] Checking suspicious processes...
[2026-02-08 13:15:31] Error: AliiProtectionAgent.log() takes 2 positional arguments but 3 were given
[2026-02-08 13:16:31] Scanning open ports...
[2026-02-08 13:16:31] Found 48 listening ports
[2026-02-08 13:16:31] Checking suspicious processes...
[2026-02-08 13:16:31] Error: AliiProtectionAgent.log() takes 2 positional arguments but 3 were given
[2026-02-08 13:17:31] Scanning open ports...
[2026-02-08 13:17:31] Found 49 listening ports
[2026-02-08 13:17:31] Checking suspicious processes...
[2026-02-08 13:17:31] Error: AliiProtectionAgent.log() takes 2 positional arguments but 3 were given
[2026-02-08 13:18:31] Scanning open ports...
[2026-02-08 13:18:31] Found 48 listening ports
[2026-02-08 13:18:31] Checking suspicious processes...
[2026-02-08 13:18:31] Error: AliiProtectionAgent.log() takes 2 positional arguments but 3 were given
[2026-02-08 13:19:31] Scanning open ports...
[2026-02-08 13:19:31] Found 49 listening ports
[2026-02-08 13:19:31] Checking suspicious processes...
[2026-02-08 13:19:31] Error: AliiProtectionAgent.log() takes 2 positional arguments but 3 were given
[2026-02-08 13:20:31] Scanning open ports...
[2026-02-08 13:20:31] Found 48 listening ports
[2026-02-08 13:20:31] Checking suspicious processes...
[2026-02-08 13:20:31] Error: AliiProtectionAgent.log() takes 2 positional arguments but 3 were given
[2026-02-08 13:21:31] Scanning open ports...
[2026-02-08 13:21:31] Found 49 listening ports
[2026-02-08 13:21:31] Checking suspicious processes...
[2026-02-08 13:21:31] Error: AliiProtectionAgent.log() takes 2 positional arguments but 3 were given
[2026-02-08 13:22:31] Scanning open ports...
[2026-02-08 13:22:31] Found 48 listening ports
[2026-02-08 13:22:31] Checking suspicious processes...
[2026-02-08 13:22:31] Error: AliiProtectionAgent.log() takes 2 positional arguments but 3 were given
[2026-02-08 13:23:31] Scanning open ports...
[2026-02-08 13:23:31] Found 49 listening ports
[2026-02-08 13:23:31] Checking suspicious processes...
[2026-02-08 13:23:31] Error: AliiProtectionAgent.log() takes 2 positional arguments but 3 were given
[2026-02-08 13:24:31] Scanning open ports...
[2026-02-08 13:24:31] Found 48 listening ports
[2026-02-08 13:24:31] Checking suspicious processes...
[2026-02-08 13:24:31] Error: AliiProtectionAgent.log() takes 2 positional arguments but 3 were given
[2026-02-08 13:25:31] Scanning open ports...
[2026-02-08 13:25:31] Found 49 listening ports
[2026-02-08 13:25:31] Checking suspicious processes...
[2026-02-08 13:25:31] Error: AliiProtectionAgent.log() takes 2 positional arguments but 3 were given
[2026-02-08 13:26:31] Scanning open ports...
[2026-02-08 13:26:31] Found 48 listening ports
[2026-02-08 13:26:31] Checking suspicious processes...
[2026-02-08 13:26:31] Error: AliiProtectionAgent.log() takes 2 positional arguments but 3 were given
[2026-02-08 13:27:31] Scanning open ports...
[2026-02-08 13:27:31] Found 49 listening ports
[2026-02-08 13:27:31] Checking suspicious processes...
[2026-02-08 13:27:31] Error: AliiProtectionAgent.log() takes 2 positional arguments but 3 were given
[2026-02-08 13:28:31] Scanning open ports...
[2026-02-08 13:28:31] Found 49 listening ports
[2026-02-08 13:28:31] Checking suspicious processes...
[2026-02-08 13:28:31] Error: AliiProtectionAgent.log() takes 2 positional arguments but 3 were given
[2026-02-08 13:29:31] Scanning open ports...
[2026-02-08 13:29:31] Found 48 listening ports
[2026-02-08 13:29:31] Checking suspicious processes...
[2026-02-08 13:29:31] Error: AliiProtectionAgent.log() takes 2 positional arguments but 3 were given
[2026-02-08 13:30:31] Scanning open ports...
[2026-02-08 13:30:31] Found 49 listening ports
[2026-02-08 13:30:31] Checking suspicious processes...
[2026-02-08 13:30:31] Error: AliiProtectionAgent.log() takes 2 positional arguments but 3 were given
[2026-02-08 13:31:31] Scanning open ports...
[2026-02-08 13:31:31] Found 48 listening ports
[2026-02-08 13:31:31] Checking suspicious processes...
[2026-02-08 13:31:31] Error: AliiProtectionAgent.log() takes 2 positional arguments but 3 were given
[2026-02-08 13:32:31] Scanning open ports...
[2026-02-08 13:32:31] Found 49 listening ports
[2026-02-08 13:32:31] Checking suspicious processes...
[2026-02-08 13:32:31] Error: AliiProtectionAgent.log() takes 2 positional arguments but 3 were given
[2026-02-08 13:33:31] Scanning open ports...
[2026-02-08 13:33:31] Found 48 listening ports
[2026-02-08 13:33:31] Checking suspicious processes...
[2026-02-08 13:33:31] Error: AliiProtectionAgent.log() takes 2 positional arguments but 3 were given
[2026-02-08 13:34:31] Scanning open ports...
[2026-02-08 13:34:31] Found 49 listening ports
[2026-02-08 13:34:31] Checking suspicious processes...
[2026-02-08 13:34:31] Error: AliiProtectionAgent.log() takes 2 positional arguments but 3 were given
[2026-02-08 13:35:31] Scanning open ports...
[2026-02-08 13:35:31] Found 48 listening ports
[2026-02-08 13:35:31] Checking suspicious processes...
[2026-02-08 13:35:31] Error: AliiProtectionAgent.log() takes 2 positional arguments but 3 were given
[2026-02-08 13:36:31] Scanning open ports...
[2026-02-08 13:36:31] Found 49 listening ports
[2026-02-08 13:36:31] Checking suspicious processes...
[2026-02-08 13:36:31] Error: AliiProtectionAgent.log() takes 2 positional arguments but 3 were given
[2026-02-08 13:37:31] Scanning open ports...
[2026-02-08 13:37:31] Found 48 listening ports
[2026-02-08 13:37:31] Checking suspicious processes...
[2026-02-08 13:37:31] Error: AliiProtectionAgent.log() takes 2 positional arguments but 3 were given
[2026-02-08 13:38:31] Scanning open ports...
[2026-02-08 13:38:31] Found 49 listening ports
[2026-02-08 13:38:31] Checking suspicious processes...
[2026-02-08 13:38:32] Error: AliiProtectionAgent.log() takes 2 positional arguments but 3 were given
[2026-02-08 13:39:32] Scanning open ports...
[2026-02-08 13:39:32] Found 48 listening ports
[2026-02-08 13:39:32] Checking suspicious processes...
[2026-02-08 13:39:32] Error: AliiProtectionAgent.log() takes 2 positional arguments but 3 were given
[2026-02-08 13:40:32] Scanning open ports...
[2026-02-08 13:40:32] Found 49 listening ports
[2026-02-08 13:40:32] Checking suspicious processes...
[2026-02-08 13:40:32] Error: AliiProtectionAgent.log() takes 2 positional arguments but 3 were given
[2026-02-08 13:41:32] Scanning open ports...
[2026-02-08 13:41:32] Found 48 listening ports
[2026-02-08 13:41:32] Checking suspicious processes...
[2026-02-08 13:41:32] Error: AliiProtectionAgent.log() takes 2 positional arguments but 3 were given
[2026-02-08 13:42:32] Scanning open ports...
[2026-02-08 13:42:32] Found 49 listening ports
[2026-02-08 13:42:32] Checking suspicious processes...
[2026-02-08 13:42:32] Error: AliiProtectionAgent.log() takes 2 positional arguments but 3 were given
[2026-02-08 13:43:32] Scanning open ports...
[2026-02-08 13:43:32] Found 49 listening ports
[2026-02-08 13:43:32] Checking suspicious processes...
[2026-02-08 13:43:32] Error: AliiProtectionAgent.log() takes 2 positional arguments but 3 were given
[2026-02-08 13:44:32] Scanning open ports...
[2026-02-08 13:44:32] Found 48 listening ports
[2026-02-08 13:44:32] Checking suspicious processes...
[2026-02-08 13:44:32] Error: AliiProtectionAgent.log() takes 2 positional arguments but 3 were given
[2026-02-08 13:45:32] Scanning open ports...
[2026-02-08 13:45:32] Found 49 listening ports
[2026-02-08 13:45:32] Checking suspicious processes...
[2026-02-08 13:45:32] Error: AliiProtectionAgent.log() takes 2 positional arguments but 3 were given
[2026-02-08 13:46:32] Scanning open ports...
[2026-02-08 13:46:32] Found 49 listening ports
[2026-02-08 13:46:32] Checking suspicious processes...
[2026-02-08 13:46:32] Error: AliiProtectionAgent.log() takes 2 positional arguments but 3 were given
[2026-02-08 13:47:32] Scanning open ports...
[2026-02-08 13:47:32] Found 48 listening ports
[2026-02-08 13:47:32] Checking suspicious processes...
[2026-02-08 13:47:32] Error: AliiProtectionAgent.log() takes 2 positional arguments but 3 were given
[2026-02-08 13:48:32] Scanning open ports...
[2026-02-08 13:48:32] Found 49 listening ports
[2026-02-08 13:48:32] Checking suspicious processes...
[2026-02-08 13:48:32] Error: AliiProtectionAgent.log() takes 2 positional arguments but 3 were given
[2026-02-08 13:49:32] Scanning open ports...
[2026-02-08 13:49:32] Found 48 listening ports
[2026-02-08 13:49:32] Checking suspicious processes...
[2026-02-08 13:49:32] Error: AliiProtectionAgent.log() takes 2 positional arguments but 3 were given
[2026-02-08 13:50:32] Scanning open ports...
[2026-02-08 13:50:32] Found 50 listening ports
[2026-02-08 13:50:32] Checking suspicious processes...
[2026-02-08 13:50:32] Error: AliiProtectionAgent.log() takes 2 positional arguments but 3 were given
[2026-02-08 13:51:32] Scanning open ports...
[2026-02-08 13:51:32] Found 49 listening ports
[2026-02-08 13:51:32] Checking suspicious processes...
[2026-02-08 13:51:32] Error: AliiProtectionAgent.log() takes 2 positional arguments but 3 were given
[2026-02-08 13:52:32] Scanning open ports...
[2026-02-08 13:52:32] Found 50 listening ports
[2026-02-08 13:52:32] Checking suspicious processes...
[2026-02-08 13:52:32] Error: AliiProtectionAgent.log() takes 2 positional arguments but 3 were given
[2026-02-08 13:53:32] Scanning open ports...
[2026-02-08 13:53:32] Found 49 listening ports
[2026-02-08 13:53:32] Checking suspicious processes...
[2026-02-08 13:53:32] Error: AliiProtectionAgent.log() takes 2 positional arguments but 3 were given
[2026-02-08 13:54:32] Scanning open ports...
[2026-02-08 13:54:32] Found 50 listening ports
[2026-02-08 13:54:32] Checking suspicious processes...
[2026-02-08 13:54:32] Error: AliiProtectionAgent.log() takes 2 positional arguments but 3 were given
[2026-02-08 13:55:32] Scanning open ports...
[2026-02-08 13:55:32] Found 49 listening ports
[2026-02-08 13:55:32] Checking suspicious processes...
[2026-02-08 13:55:32] Error: AliiProtectionAgent.log() takes 2 positional arguments but 3 were given
[2026-02-08 13:56:32] Scanning open ports...
[2026-02-08 13:56:32] Found 50 listening ports
[2026-02-08 13:56:32] Checking suspicious processes...
[2026-02-08 13:56:32] Error: AliiProtectionAgent.log() takes 2 positional arguments but 3 were given
[2026-02-08 13:57:32] Scanning open ports...
[2026-02-08 13:57:32] Found 48 listening ports
[2026-02-08 13:57:32] Checking suspicious processes...
[2026-02-08 13:57:32] Error: AliiProtectionAgent.log() takes 2 positional arguments but 3 were given
[2026-02-08 13:58:32] Scanning open ports...
[2026-02-08 13:58:32] Found 49 listening ports
[2026-02-08 13:58:32] Checking suspicious processes...
[2026-02-08 13:58:32] Error: AliiProtectionAgent.log() takes 2 positional arguments but 3 were given
[2026-02-08 13:59:32] Scanning open ports...
[2026-02-08 13:59:32] Found 48 listening ports
[2026-02-08 13:59:32] Checking suspicious processes...
[2026-02-08 13:59:32] Error: AliiProtectionAgent.log() takes 2 positional arguments but 3 were given
[2026-02-08 14:00:32] Scanning open ports...
[2026-02-08 14:00:32] Found 49 listening ports
[2026-02-08 14:00:32] Checking suspicious processes...
[2026-02-08 14:00:32] Error: AliiProtectionAgent.log() takes 2 positional arguments but 3 were given
[2026-02-08 14:01:32] Scanning open ports...
[2026-02-08 14:01:32] Found 50 listening ports
[2026-02-08 14:01:32] Checking suspicious processes...
[2026-02-08 14:01:32] Error: AliiProtectionAgent.log() takes 2 positional arguments but 3 were given
[2026-02-08 14:02:32] Scanning open ports...
[2026-02-08 14:02:32] Found 49 listening ports
[2026-02-08 14:02:32] Checking suspicious processes...
[2026-02-08 14:02:32] Error: AliiProtectionAgent.log() takes 2 positional arguments but 3 were given
[2026-02-08 14:03:32] Scanning open ports...
[2026-02-08 14:03:33] Found 50 listening ports
[2026-02-08 14:03:33] Checking suspicious processes...
[2026-02-08 14:03:33] Error: AliiProtectionAgent.log() takes 2 positional arguments but 3 were given
[2026-02-08 14:04:33] Scanning open ports...
[2026-02-08 14:04:33] Found 49 listening ports
[2026-02-08 14:04:33] Checking suspicious processes...
[2026-02-08 14:04:33] Error: AliiProtectionAgent.log() takes 2 positional arguments but 3 were given
[2026-02-08 14:05:33] Scanning open ports...
[2026-02-08 14:05:33] Found 50 listening ports
[2026-02-08 14:05:33] Checking suspicious processes...
[2026-02-08 14:05:33] Error: AliiProtectionAgent.log() takes 2 positional arguments but 3 were given
[2026-02-08 14:06:33] Scanning open ports...
[2026-02-08 14:06:33] Found 48 listening ports
[2026-02-08 14:06:33] Checking suspicious processes...
[2026-02-08 14:06:33] Error: AliiProtectionAgent.log() takes 2 positional arguments but 3 were given
[2026-02-08 14:07:33] Scanning open ports...
[2026-02-08 14:07:33] Found 49 listening ports
[2026-02-08 14:07:33] Checking suspicious processes...
[2026-02-08 14:07:33] Error: AliiProtectionAgent.log() takes 2 positional arguments but 3 were given
[2026-02-08 14:08:33] Scanning open ports...
[2026-02-08 14:08:33] Found 48 listening ports
[2026-02-08 14:08:33] Checking suspicious processes...
[2026-02-08 14:08:33] Error: AliiProtectionAgent.log() takes 2 positional arguments but 3 were given
[2026-02-08 14:09:33] Scanning open ports...
[2026-02-08 14:09:33] Found 49 listening ports
[2026-02-08 14:09:33] Checking suspicious processes...
[2026-02-08 14:09:33] Error: AliiProtectionAgent.log() takes 2 positional arguments but 3 were given
[2026-02-08 14:10:33] Scanning open ports...
[2026-02-08 14:10:33] Found 49 listening ports
[2026-02-08 14:10:33] Checking suspicious processes...
[2026-02-08 14:10:33] Error: AliiProtectionAgent.log() takes 2 positional arguments but 3 were given
[2026-02-08 14:11:33] Scanning open ports...
[2026-02-08 14:11:33] Found 50 listening ports
[2026-02-08 14:11:33] Checking suspicious processes...
[2026-02-08 14:11:33] Error: AliiProtectionAgent.log() takes 2 positional arguments but 3 were given
[2026-02-08 14:12:33] Scanning open ports...
[2026-02-08 14:12:33] Found 49 listening ports
[2026-02-08 14:12:33] Checking suspicious processes...
[2026-02-08 14:12:33] Error: AliiProtectionAgent.log() takes 2 positional arguments but 3 were given
[2026-02-08 14:13:33] Scanning open ports...
[2026-02-08 14:13:33] Found 49 listening ports
[2026-02-08 14:13:33] Checking suspicious processes...
[2026-02-08 14:13:33] Error: AliiProtectionAgent.log() takes 2 positional arguments but 3 were given
[2026-02-08 14:14:33] Scanning open ports...
[2026-02-08 14:14:33] Found 50 listening ports
[2026-02-08 14:14:33] Checking suspicious processes...
[2026-02-08 14:14:33] Error: AliiProtectionAgent.log() takes 2 positional arguments but 3 were given
[2026-02-08 14:15:33] Scanning open ports...
[2026-02-08 14:15:33] Found 49 listening ports
[2026-02-08 14:15:33] Checking suspicious processes...
[2026-02-08 14:15:33] Error: AliiProtectionAgent.log() takes 2 positional arguments but 3 were given
[2026-02-08 14:16:33] Scanning open ports...
[2026-02-08 14:16:33] Found 50 listening ports
[2026-02-08 14:16:33] Checking suspicious processes...
[2026-02-08 14:16:33] Error: AliiProtectionAgent.log() takes 2 positional arguments but 3 were given
[2026-02-08 14:17:33] Scanning open ports...
[2026-02-08 14:17:33] Found 49 listening ports
[2026-02-08 14:17:33] Checking suspicious processes...
[2026-02-08 14:17:33] Error: AliiProtectionAgent.log() takes 2 positional arguments but 3 were given
[2026-02-08 14:18:33] Scanning open ports...
[2026-02-08 14:18:33] Found 50 listening ports
[2026-02-08 14:18:33] Checking suspicious processes...
[2026-02-08 14:18:33] Error: AliiProtectionAgent.log() takes 2 positional arguments but 3 were given
[2026-02-08 14:19:33] Scanning open ports...
[2026-02-08 14:19:33] Found 49 listening ports
[2026-02-08 14:19:33] Checking suspicious processes...
[2026-02-08 14:19:33] Error: AliiProtectionAgent.log() takes 2 positional arguments but 3 were given
[2026-02-08 14:20:33] Scanning open ports...
[2026-02-08 14:20:33] Found 50 listening ports
[2026-02-08 14:20:33] Checking suspicious processes...
[2026-02-08 14:20:33] Error: AliiProtectionAgent.log() takes 2 positional arguments but 3 were given
[2026-02-08 14:21:33] Scanning open ports...
[2026-02-08 14:21:33] Found 49 listening ports
[2026-02-08 14:21:33] Checking suspicious processes...
[2026-02-08 14:21:33] Error: AliiProtectionAgent.log() takes 2 positional arguments but 3 were given
[2026-02-08 14:22:33] Scanning open ports...
[2026-02-08 14:22:33] Found 50 listening ports
[2026-02-08 14:22:33] Checking suspicious processes...
[2026-02-08 14:22:33] Error: AliiProtectionAgent.log() takes 2 positional arguments but 3 were given
[2026-02-08 14:23:33] Scanning open ports...
[2026-02-08 14:23:33] Found 48 listening ports
[2026-02-08 14:23:33] Checking suspicious processes...
[2026-02-08 14:23:33] Error: AliiProtectionAgent.log() takes 2 positional arguments but 3 were given
[2026-02-08 14:24:33] Scanning open ports...
[2026-02-08 14:24:33] Found 49 listening ports
[2026-02-08 14:24:33] Checking suspicious processes...
[2026-02-08 14:24:33] Error: AliiProtectionAgent.log() takes 2 positional arguments but 3 were given
[2026-02-08 14:25:33] Scanning open ports...
[2026-02-08 14:25:33] Found 48 listening ports
[2026-02-08 14:25:33] Checking suspicious processes...
[2026-02-08 14:25:33] Error: AliiProtectionAgent.log() takes 2 positional arguments but 3 were given
[2026-02-08 14:26:33] Scanning open ports...
[2026-02-08 14:26:33] Found 49 listening ports
[2026-02-08 14:26:33] Checking suspicious processes...
[2026-02-08 14:26:33] Error: AliiProtectionAgent.log() takes 2 positional arguments but 3 were given
[2026-02-08 14:27:33] Scanning open ports...
[2026-02-08 14:27:33] Found 49 listening ports
[2026-02-08 14:27:33] Checking suspicious processes...
[2026-02-08 14:27:33] Error: AliiProtectionAgent.log() takes 2 positional arguments but 3 were given
[2026-02-08 14:28:33] Scanning open ports...
[2026-02-08 14:28:33] Found 48 listening ports
[2026-02-08 14:28:33] Checking suspicious processes...
[2026-02-08 14:28:33] Error: AliiProtectionAgent.log() takes 2 positional arguments but 3 were given
[2026-02-08 14:29:33] Scanning open ports...
[2026-02-08 14:29:33] Found 50 listening ports
[2026-02-08 14:29:33] Checking suspicious processes...
[2026-02-08 14:29:33] Error: AliiProtectionAgent.log() takes 2 positional arguments but 3 were given
[2026-02-08 14:30:33] Scanning open ports...
[2026-02-08 14:30:33] Found 49 listening ports
[2026-02-08 14:30:33] Checking suspicious processes...
[2026-02-08 14:30:34] Error: AliiProtectionAgent.log() takes 2 positional arguments but 3 were given
[2026-02-08 14:31:34] Scanning open ports...
[2026-02-08 14:31:34] Found 50 listening ports
[2026-02-08 14:31:34] Checking suspicious processes...
[2026-02-08 14:31:34] Error: AliiProtectionAgent.log() takes 2 positional arguments but 3 were given
[2026-02-08 14:32:34] Scanning open ports...
[2026-02-08 14:32:34] Found 49 listening ports
[2026-02-08 14:32:34] Checking suspicious processes...
[2026-02-08 14:32:34] Error: AliiProtectionAgent.log() takes 2 positional arguments but 3 were given
[2026-02-08 14:33:34] Scanning open ports...
[2026-02-08 14:33:34] Found 50 listening ports
[2026-02-08 14:33:34] Checking suspicious processes...
[2026-02-08 14:33:34] Error: AliiProtectionAgent.log() takes 2 positional arguments but 3 were given
[2026-02-08 14:34:34] Scanning open ports...
[2026-02-08 14:34:34] Found 49 listening ports
[2026-02-08 14:34:34] Checking suspicious processes...
[2026-02-08 14:34:34] Error: AliiProtectionAgent.log() takes 2 positional arguments but 3 were given
[2026-02-08 14:35:34] Scanning open ports...
[2026-02-08 14:35:34] Found 50 listening ports
[2026-02-08 14:35:34] Checking suspicious processes...
[2026-02-08 14:35:34] Error: AliiProtectionAgent.log() takes 2 positional arguments but 3 were given
[2026-02-08 14:36:34] Scanning open ports...
[2026-02-08 14:36:34] Found 49 listening ports
[2026-02-08 14:36:34] Checking suspicious processes...
[2026-02-08 14:36:34] Error: AliiProtectionAgent.log() takes 2 positional arguments but 3 were given
[2026-02-08 14:37:34] Scanning open ports...
[2026-02-08 14:37:34] Found 50 listening ports
[2026-02-08 14:37:34] Checking suspicious processes...
[2026-02-08 14:37:34] Error: AliiProtectionAgent.log() takes 2 positional arguments but 3 were given
[2026-02-08 14:38:34] Scanning open ports...
[2026-02-08 14:38:34] Found 49 listening ports
[2026-02-08 14:38:34] Checking suspicious processes...
[2026-02-08 14:38:34] Error: AliiProtectionAgent.log() takes 2 positional arguments but 3 were given
[2026-02-08 14:39:34] Scanning open ports...
[2026-02-08 14:39:34] Found 50 listening ports
[2026-02-08 14:39:34] Checking suspicious processes...
[2026-02-08 14:39:34] Error: AliiProtectionAgent.log() takes 2 positional arguments but 3 were given
[2026-02-08 14:40:34] Scanning open ports...
[2026-02-08 14:40:34] Found 49 listening ports
[2026-02-08 14:40:34] Checking suspicious processes...
[2026-02-08 14:40:34] Error: AliiProtectionAgent.log() takes 2 positional arguments but 3 were given
[2026-02-08 14:41:34] Scanning open ports...
[2026-02-08 14:41:34] Found 49 listening ports
[2026-02-08 14:41:34] Checking suspicious processes...
[2026-02-08 14:41:34] Error: AliiProtectionAgent.log() takes 2 positional arguments but 3 were given
[2026-02-08 14:42:34] Scanning open ports...
[2026-02-08 14:42:34] Found 50 listening ports
[2026-02-08 14:42:34] Checking suspicious processes...
[2026-02-08 14:42:34] Error: AliiProtectionAgent.log() takes 2 positional arguments but 3 were given
[2026-02-08 14:43:34] Scanning open ports...
[2026-02-08 14:43:34] Found 49 listening ports
[2026-02-08 14:43:34] Checking suspicious processes...
[2026-02-08 14:43:34] Error: AliiProtectionAgent.log() takes 2 positional arguments but 3 were given
[2026-02-08 14:44:34] Scanning open ports...
[2026-02-08 14:44:34] Found 50 listening ports
[2026-02-08 14:44:34] Checking suspicious processes...
[2026-02-08 14:44:34] Error: AliiProtectionAgent.log() takes 2 positional arguments but 3 were given
[2026-02-08 14:45:34] Scanning open ports...
[2026-02-08 14:45:34] Found 48 listening ports
[2026-02-08 14:45:34] Checking suspicious processes...
[2026-02-08 14:45:34] Error: AliiProtectionAgent.log() takes 2 positional arguments but 3 were given
[2026-02-08 14:46:34] Scanning open ports...
[2026-02-08 14:46:34] Found 49 listening ports
[2026-02-08 14:46:34] Checking suspicious processes...
[2026-02-08 14:46:34] Error: AliiProtectionAgent.log() takes 2 positional arguments but 3 were given
[2026-02-08 14:47:34] Scanning open ports...
[2026-02-08 14:47:34] Found 48 listening ports
[2026-02-08 14:47:34] Checking suspicious processes...
[2026-02-08 14:47:34] Error: AliiProtectionAgent.log() takes 2 positional arguments but 3 were given
[2026-02-08 14:48:34] Scanning open ports...
[2026-02-08 14:48:34] Found 49 listening ports
[2026-02-08 14:48:34] Checking suspicious processes...
[2026-02-08 14:48:34] Error: AliiProtectionAgent.log() takes 2 positional arguments but 3 were given
[2026-02-08 14:49:34] Scanning open ports...
[2026-02-08 14:49:34] Found 49 listening ports
[2026-02-08 14:49:34] Checking suspicious processes...
[2026-02-08 14:49:34] Error: AliiProtectionAgent.log() takes 2 positional arguments but 3 were given
[2026-02-08 14:50:34] Scanning open ports...
[2026-02-08 14:50:34] Found 50 listening ports
[2026-02-08 14:50:34] Checking suspicious processes...
[2026-02-08 14:50:34] Error: AliiProtectionAgent.log() takes 2 positional arguments but 3 were given
[2026-02-08 14:51:34] Scanning open ports...
[2026-02-08 14:51:34] Found 49 listening ports
[2026-02-08 14:51:34] Checking suspicious processes...
[2026-02-08 14:51:34] Error: AliiProtectionAgent.log() takes 2 positional arguments but 3 were given
[2026-02-08 14:52:34] Scanning open ports...
[2026-02-08 14:52:34] Found 50 listening ports
[2026-02-08 14:52:34] Checking suspicious processes...
[2026-02-08 14:52:34] Error: AliiProtectionAgent.log() takes 2 positional arguments but 3 were given
[2026-02-08 14:53:34] Scanning open ports...
[2026-02-08 14:53:34] Found 49 listening ports
[2026-02-08 14:53:34] Checking suspicious processes...
[2026-02-08 14:53:34] Error: AliiProtectionAgent.log() takes 2 positional arguments but 3 were given
[2026-02-08 14:54:34] Scanning open ports...
[2026-02-08 14:54:34] Found 50 listening ports
[2026-02-08 14:54:34] Checking suspicious processes...
[2026-02-08 14:54:34] Error: AliiProtectionAgent.log() takes 2 positional arguments but 3 were given
[2026-02-08 14:55:34] Scanning open ports...
[2026-02-08 14:55:34] Found 50 listening ports
[2026-02-08 14:55:34] Checking suspicious processes...
[2026-02-08 14:55:35] Error: AliiProtectionAgent.log() takes 2 positional arguments but 3 were given
[2026-02-08 14:56:35] Scanning open ports...
[2026-02-08 14:56:35] Found 49 listening ports
[2026-02-08 14:56:35] Checking suspicious processes...
[2026-02-08 14:56:35] Error: AliiProtectionAgent.log() takes 2 positional arguments but 3 were given
[2026-02-08 14:57:35] Scanning open ports...
[2026-02-08 14:57:35] Found 50 listening ports
[2026-02-08 14:57:35] Checking suspicious processes...
[2026-02-08 14:57:35] Error: AliiProtectionAgent.log() takes 2 positional arguments but 3 were given
[2026-02-08 14:58:35] Scanning open ports...
[2026-02-08 14:58:35] Found 49 listening ports
[2026-02-08 14:58:35] Checking suspicious processes...
[2026-02-08 14:58:35] Error: AliiProtectionAgent.log() takes 2 positional arguments but 3 were given
[2026-02-08 14:59:35] Scanning open ports...
[2026-02-08 14:59:35] Found 50 listening ports
[2026-02-08 14:59:35] Checking suspicious processes...
[2026-02-08 14:59:35] Error: AliiProtectionAgent.log() takes 2 positional arguments but 3 were given
[2026-02-08 15:00:35] Scanning open ports...
[2026-02-08 15:00:35] Found 49 listening ports
[2026-02-08 15:00:35] Checking suspicious processes...
[2026-02-08 15:00:35] Error: AliiProtectionAgent.log() takes 2 positional arguments but 3 were given
[2026-02-08 15:01:35] Scanning open ports...
[2026-02-08 15:01:35] Found 50 listening ports
[2026-02-08 15:01:35] Checking suspicious processes...
[2026-02-08 15:01:35] Error: AliiProtectionAgent.log() takes 2 positional arguments but 3 were given
[2026-02-08 15:02:35] Scanning open ports...
[2026-02-08 15:02:35] Found 49 listening ports
[2026-02-08 15:02:35] Checking suspicious processes...
[2026-02-08 15:02:35] Error: AliiProtectionAgent.log() takes 2 positional arguments but 3 were given
[2026-02-08 15:03:35] Scanning open ports...
[2026-02-08 15:03:35] Found 50 listening ports
[2026-02-08 15:03:35] Checking suspicious processes...
[2026-02-08 15:03:35] Error: AliiProtectionAgent.log() takes 2 positional arguments but 3 were given
[2026-02-08 15:04:35] Scanning open ports...
[2026-02-08 15:04:35] Found 49 listening ports
[2026-02-08 15:04:35] Checking suspicious processes...
[2026-02-08 15:04:35] Error: AliiProtectionAgent.log() takes 2 positional arguments but 3 were given
[2026-02-08 15:05:35] Scanning open ports...
[2026-02-08 15:05:35] Found 50 listening ports
[2026-02-08 15:05:35] Checking suspicious processes...
[2026-02-08 15:05:35] Error: AliiProtectionAgent.log() takes 2 positional arguments but 3 were given
[2026-02-08 15:06:35] Scanning open ports...
[2026-02-08 15:06:35] Found 49 listening ports
[2026-02-08 15:06:35] Checking suspicious processes...
[2026-02-08 15:06:35] Error: AliiProtectionAgent.log() takes 2 positional arguments but 3 were given
[2026-02-08 15:07:35] Scanning open ports...
[2026-02-08 15:07:35] Found 50 listening ports
[2026-02-08 15:07:35] Checking suspicious processes...
[2026-02-08 15:07:35] Error: AliiProtectionAgent.log() takes 2 positional arguments but 3 were given
[2026-02-08 15:08:35] Scanning open ports...
[2026-02-08 15:08:35] Found 50 listening ports
[2026-02-08 15:08:35] Checking suspicious processes...
[2026-02-08 15:08:35] Error: AliiProtectionAgent.log() takes 2 positional arguments but 3 were given
[2026-02-08 15:09:35] Scanning open ports...
[2026-02-08 15:09:35] Found 49 listening ports
[2026-02-08 15:09:35] Checking suspicious processes...
[2026-02-08 15:09:35] Error: AliiProtectionAgent.log() takes 2 positional arguments but 3 were given
[2026-02-08 15:10:35] Scanning open ports...
[2026-02-08 15:10:35] Found 50 listening ports
[2026-02-08 15:10:35] Checking suspicious processes...
[2026-02-08 15:10:35] Error: AliiProtectionAgent.log() takes 2 positional arguments but 3 were given
[2026-02-08 15:11:35] Scanning open ports...
[2026-02-08 15:11:35] Found 49 listening ports
[2026-02-08 15:11:35] Checking suspicious processes...
[2026-02-08 15:11:35] Error: AliiProtectionAgent.log() takes 2 positional arguments but 3 were given
[2026-02-08 15:12:35] Scanning open ports...
[2026-02-08 15:12:35] Found 50 listening ports
[2026-02-08 15:12:35] Checking suspicious processes...
[2026-02-08 15:12:35] Error: AliiProtectionAgent.log() takes 2 positional arguments but 3 were given
[2026-02-08 15:13:35] Scanning open ports...
[2026-02-08 15:13:35] Found 49 listening ports
[2026-02-08 15:13:35] Checking suspicious processes...
[2026-02-08 15:13:35] Error: AliiProtectionAgent.log() takes 2 positional arguments but 3 were given
[2026-02-08 15:14:35] Scanning open ports...
[2026-02-08 15:14:35] Found 50 listening ports
[2026-02-08 15:14:35] Checking suspicious processes...
[2026-02-08 15:14:35] Error: AliiProtectionAgent.log() takes 2 positional arguments but 3 were given
[2026-02-08 15:15:35] Scanning open ports...
[2026-02-08 15:15:35] Found 49 listening ports
[2026-02-08 15:15:35] Checking suspicious processes...
[2026-02-08 15:15:35] Error: AliiProtectionAgent.log() takes 2 positional arguments but 3 were given
[2026-02-08 15:16:35] Scanning open ports...
[2026-02-08 15:16:35] Found 50 listening ports
[2026-02-08 15:16:35] Checking suspicious processes...
[2026-02-08 15:16:36] Error: AliiProtectionAgent.log() takes 2 positional arguments but 3 were given
[2026-02-08 15:17:36] Scanning open ports...
[2026-02-08 15:17:36] Found 49 listening ports
[2026-02-08 15:17:36] Checking suspicious processes...
[2026-02-08 15:17:36] Error: AliiProtectionAgent.log() takes 2 positional arguments but 3 were given
[2026-02-08 15:18:36] Scanning open ports...
[2026-02-08 15:18:36] Found 50 listening ports
[2026-02-08 15:18:36] Checking suspicious processes...
[2026-02-08 15:18:36] Error: AliiProtectionAgent.log() takes 2 positional arguments but 3 were given
[2026-02-08 15:19:36] Scanning open ports...
[2026-02-08 15:19:36] Found 49 listening ports
[2026-02-08 15:19:36] Checking suspicious processes...
[2026-02-08 15:19:36] Error: AliiProtectionAgent.log() takes 2 positional arguments but 3 were given
[2026-02-08 15:20:36] Scanning open ports...
[2026-02-08 15:20:36] Found 49 listening ports
[2026-02-08 15:20:36] Checking suspicious processes...
[2026-02-08 15:20:36] Error: AliiProtectionAgent.log() takes 2 positional arguments but 3 were given
[2026-02-08 15:21:36] Scanning open ports...
[2026-02-08 15:21:36] Found 50 listening ports
[2026-02-08 15:21:36] Checking suspicious processes...
[2026-02-08 15:21:36] Error: AliiProtectionAgent.log() takes 2 positional arguments but 3 were given
[2026-02-08 15:22:36] Scanning open ports...
[2026-02-08 15:22:36] Found 49 listening ports
[2026-02-08 15:22:36] Checking suspicious processes...
[2026-02-08 15:22:36] Error: AliiProtectionAgent.log() takes 2 positional arguments but 3 were given
[2026-02-08 15:23:36] Scanning open ports...
[2026-02-08 15:23:36] Found 49 listening ports
[2026-02-08 15:23:36] Checking suspicious processes...
[2026-02-08 15:23:36] Error: AliiProtectionAgent.log() takes 2 positional arguments but 3 were given
[2026-02-08 15:24:36] Scanning open ports...
[2026-02-08 15:24:36] Found 48 listening ports
[2026-02-08 15:24:36] Checking suspicious processes...
[2026-02-08 15:24:36] Error: AliiProtectionAgent.log() takes 2 positional arguments but 3 were given
[2026-02-08 15:25:36] Scanning open ports...
[2026-02-08 15:25:36] Found 49 listening ports
[2026-02-08 15:25:36] Checking suspicious processes...
[2026-02-08 15:25:36] Error: AliiProtectionAgent.log() takes 2 positional arguments but 3 were given
[2026-02-08 15:26:36] Scanning open ports...
[2026-02-08 15:26:36] Found 48 listening ports
[2026-02-08 15:26:36] Checking suspicious processes...
[2026-02-08 15:26:36] Error: AliiProtectionAgent.log() takes 2 positional arguments but 3 were given
[2026-02-08 15:27:36] Scanning open ports...
[2026-02-08 15:27:36] Found 49 listening ports
[2026-02-08 15:27:36] Checking suspicious processes...
[2026-02-08 15:27:36] Error: AliiProtectionAgent.log() takes 2 positional arguments but 3 were given
[2026-02-08 15:28:36] Scanning open ports...
[2026-02-08 15:28:36] Found 48 listening ports
[2026-02-08 15:28:36] Checking suspicious processes...
[2026-02-08 15:28:36] Error: AliiProtectionAgent.log() takes 2 positional arguments but 3 were given
[2026-02-08 15:29:36] Scanning open ports...
[2026-02-08 15:29:36] Found 49 listening ports
[2026-02-08 15:29:36] Checking suspicious processes...
[2026-02-08 15:29:36] Error: AliiProtectionAgent.log() takes 2 positional arguments but 3 were given
[2026-02-08 15:30:36] Scanning open ports...
[2026-02-08 15:30:36] Found 48 listening ports
[2026-02-08 15:30:36] Checking suspicious processes...
[2026-02-08 15:30:36] Error: AliiProtectionAgent.log() takes 2 positional arguments but 3 were given
[2026-02-08 15:31:36] Scanning open ports...
[2026-02-08 15:31:36] Found 49 listening ports
[2026-02-08 15:31:36] Checking suspicious processes...
[2026-02-08 15:31:36] Error: AliiProtectionAgent.log() takes 2 positional arguments but 3 were given
[2026-02-08 15:32:36] Scanning open ports...
[2026-02-08 15:32:36] Found 48 listening ports
[2026-02-08 15:32:36] Checking suspicious processes...
[2026-02-08 15:32:36] Error: AliiProtectionAgent.log() takes 2 positional arguments but 3 were given
[2026-02-08 15:33:36] Scanning open ports...
[2026-02-08 15:33:36] Found 49 listening ports
[2026-02-08 15:33:36] Checking suspicious processes...
[2026-02-08 15:33:36] Error: AliiProtectionAgent.log() takes 2 positional arguments but 3 were given
[2026-02-08 15:34:36] Scanning open ports...
[2026-02-08 15:34:36] Found 48 listening ports
[2026-02-08 15:34:36] Checking suspicious processes...
[2026-02-08 15:34:36] Error: AliiProtectionAgent.log() takes 2 positional arguments but 3 were given
[2026-02-08 15:35:36] Scanning open ports...
[2026-02-08 15:35:36] Found 49 listening ports
[2026-02-08 15:35:36] Checking suspicious processes...
[2026-02-08 15:35:36] Error: AliiProtectionAgent.log() takes 2 positional arguments but 3 were given
[2026-02-08 15:36:36] Scanning open ports...
[2026-02-08 15:36:36] Found 49 listening ports
[2026-02-08 15:36:36] Checking suspicious processes...
[2026-02-08 15:36:36] Error: AliiProtectionAgent.log() takes 2 positional arguments but 3 were given
[2026-02-08 15:37:36] Scanning open ports...
[2026-02-08 15:37:36] Found 48 listening ports
[2026-02-08 15:37:36] Checking suspicious processes...
[2026-02-08 15:37:36] Error: AliiProtectionAgent.log() takes 2 positional arguments but 3 were given
[2026-02-08 15:38:36] Scanning open ports...
[2026-02-08 15:38:36] Found 49 listening ports
[2026-02-08 15:38:36] Checking suspicious processes...
[2026-02-08 15:38:36] Error: AliiProtectionAgent.log() takes 2 positional arguments but 3 were given
[2026-02-08 15:39:36] Scanning open ports...
[2026-02-08 15:39:36] Found 48 listening ports
[2026-02-08 15:39:36] Checking suspicious processes...
[2026-02-08 15:39:36] Error: AliiProtectionAgent.log() takes 2 positional arguments but 3 were given
[2026-02-08 15:40:36] Scanning open ports...
[2026-02-08 15:40:36] Found 49 listening ports
[2026-02-08 15:40:36] Checking suspicious processes...
[2026-02-08 15:40:36] Error: AliiProtectionAgent.log() takes 2 positional arguments but 3 were given
[2026-02-08 15:41:36] Scanning open ports...
[2026-02-08 15:41:36] Found 48 listening ports
[2026-02-08 15:41:36] Checking suspicious processes...
[2026-02-08 15:41:36] Error: AliiProtectionAgent.log() takes 2 positional arguments but 3 were given
[2026-02-08 15:42:36] Scanning open ports...
[2026-02-08 15:42:36] Found 49 listening ports
[2026-02-08 15:42:36] Checking suspicious processes...
[2026-02-08 15:42:36] Error: AliiProtectionAgent.log() takes 2 positional arguments but 3 were given
[2026-02-08 15:43:36] Scanning open ports...
[2026-02-08 15:43:36] Found 48 listening ports
[2026-02-08 15:43:36] Checking suspicious processes...
[2026-02-08 15:43:36] Error: AliiProtectionAgent.log() takes 2 positional arguments but 3 were given
[2026-02-08 15:44:36] Scanning open ports...
[2026-02-08 15:44:36] Found 49 listening ports
[2026-02-08 15:44:36] Checking suspicious processes...
[2026-02-08 15:44:36] Error: AliiProtectionAgent.log() takes 2 positional arguments but 3 were given
[2026-02-08 15:45:36] Scanning open ports...
[2026-02-08 15:45:36] Found 48 listening ports
[2026-02-08 15:45:36] Checking suspicious processes...
[2026-02-08 15:45:36] Error: AliiProtectionAgent.log() takes 2 positional arguments but 3 were given
[2026-02-08 15:46:36] Scanning open ports...
[2026-02-08 15:46:36] Found 49 listening ports
[2026-02-08 15:46:36] Checking suspicious processes...
[2026-02-08 15:46:37] Error: AliiProtectionAgent.log() takes 2 positional arguments but 3 were given
[2026-02-08 15:47:37] Scanning open ports...
[2026-02-08 15:47:37] Found 48 listening ports
[2026-02-08 15:47:37] Checking suspicious processes...
[2026-02-08 15:47:37] Error: AliiProtectionAgent.log() takes 2 positional arguments but 3 were given
[2026-02-08 15:48:37] Scanning open ports...
[2026-02-08 15:48:37] Found 49 listening ports
[2026-02-08 15:48:37] Checking suspicious processes...
[2026-02-08 15:48:37] Error: AliiProtectionAgent.log() takes 2 positional arguments but 3 were given
[2026-02-08 15:49:37] Scanning open ports...
[2026-02-08 15:49:37] Found 48 listening ports
[2026-02-08 15:49:37] Checking suspicious processes...
[2026-02-08 15:49:37] Error: AliiProtectionAgent.log() takes 2 positional arguments but 3 were given
[2026-02-08 15:50:37] Scanning open ports...
[2026-02-08 15:50:37] Found 49 listening ports
[2026-02-08 15:50:37] Checking suspicious processes...
[2026-02-08 15:50:37] Error: AliiProtectionAgent.log() takes 2 positional arguments but 3 were given
[2026-02-08 15:51:37] Scanning open ports...
[2026-02-08 15:51:37] Found 49 listening ports
[2026-02-08 15:51:37] Checking suspicious processes...
[2026-02-08 15:51:37] Error: AliiProtectionAgent.log() takes 2 positional arguments but 3 were given
[2026-02-08 15:52:37] Scanning open ports...
[2026-02-08 15:52:37] Found 48 listening ports
[2026-02-08 15:52:37] Checking suspicious processes...
[2026-02-08 15:52:37] Error: AliiProtectionAgent.log() takes 2 positional arguments but 3 were given
[2026-02-08 15:53:37] Scanning open ports...
[2026-02-08 15:53:37] Found 49 listening ports
[2026-02-08 15:53:37] Checking suspicious processes...
[2026-02-08 15:53:37] Error: AliiProtectionAgent.log() takes 2 positional arguments but 3 were given
[2026-02-08 15:54:37] Scanning open ports...
[2026-02-08 15:54:37] Found 48 listening ports
[2026-02-08 15:54:37] Checking suspicious processes...
[2026-02-08 15:54:37] Error: AliiProtectionAgent.log() takes 2 positional arguments but 3 were given
[2026-02-08 15:55:37] Scanning open ports...
[2026-02-08 15:55:37] Found 49 listening ports
[2026-02-08 15:55:37] Checking suspicious processes...
[2026-02-08 15:55:37] Error: AliiProtectionAgent.log() takes 2 positional arguments but 3 were given
[2026-02-08 15:56:37] Scanning open ports...
[2026-02-08 15:56:37] Found 48 listening ports
[2026-02-08 15:56:37] Checking suspicious processes...
[2026-02-08 15:56:37] Error: AliiProtectionAgent.log() takes 2 positional arguments but 3 were given
[2026-02-08 15:57:37] Scanning open ports...
[2026-02-08 15:57:37] Found 49 listening ports
[2026-02-08 15:57:37] Checking suspicious processes...
[2026-02-08 15:57:37] Error: AliiProtectionAgent.log() takes 2 positional arguments but 3 were given
[2026-02-08 15:58:37] Scanning open ports...
[2026-02-08 15:58:37] Found 48 listening ports
[2026-02-08 15:58:37] Checking suspicious processes...
[2026-02-08 15:58:37] Error: AliiProtectionAgent.log() takes 2 positional arguments but 3 were given
[2026-02-08 15:59:37] Scanning open ports...
[2026-02-08 15:59:37] Found 49 listening ports
[2026-02-08 15:59:37] Checking suspicious processes...
[2026-02-08 15:59:37] Error: AliiProtectionAgent.log() takes 2 positional arguments but 3 were given
[2026-02-08 16:00:37] Scanning open ports...
[2026-02-08 16:00:37] Found 48 listening ports
[2026-02-08 16:00:37] Checking suspicious processes...
[2026-02-08 16:00:37] Error: AliiProtectionAgent.log() takes 2 positional arguments but 3 were given
[2026-02-08 16:01:37] Scanning open ports...
[2026-02-08 16:01:37] Found 49 listening ports
[2026-02-08 16:01:37] Checking suspicious processes...
[2026-02-08 16:01:37] Error: AliiProtectionAgent.log() takes 2 positional arguments but 3 were given
[2026-02-08 16:02:37] Scanning open ports...
[2026-02-08 16:02:37] Found 48 listening ports
[2026-02-08 16:02:37] Checking suspicious processes...
[2026-02-08 16:02:37] Error: AliiProtectionAgent.log() takes 2 positional arguments but 3 were given
[2026-02-08 16:03:37] Scanning open ports...
[2026-02-08 16:03:37] Found 49 listening ports
[2026-02-08 16:03:37] Checking suspicious processes...
[2026-02-08 16:03:37] Error: AliiProtectionAgent.log() takes 2 positional arguments but 3 were given
[2026-02-08 16:04:37] Scanning open ports...
[2026-02-08 16:04:37] Found 48 listening ports
[2026-02-08 16:04:37] Checking suspicious processes...
[2026-02-08 16:04:37] Error: AliiProtectionAgent.log() takes 2 positional arguments but 3 were given
[2026-02-08 16:05:37] Scanning open ports...
[2026-02-08 16:05:37] Found 48 listening ports
[2026-02-08 16:05:37] Checking suspicious processes...
[2026-02-08 16:05:37] Error: AliiProtectionAgent.log() takes 2 positional arguments but 3 were given
[2026-02-08 16:06:37] Scanning open ports...
[2026-02-08 16:06:37] Found 49 listening ports
[2026-02-08 16:06:37] Checking suspicious processes...
[2026-02-08 16:06:37] Error: AliiProtectionAgent.log() takes 2 positional arguments but 3 were given
[2026-02-08 16:07:37] Scanning open ports...
[2026-02-08 16:07:37] Found 48 listening ports
[2026-02-08 16:07:37] Checking suspicious processes...
[2026-02-08 16:07:37] Error: AliiProtectionAgent.log() takes 2 positional arguments but 3 were given
[2026-02-08 16:08:37] Scanning open ports...
[2026-02-08 16:08:37] Found 49 listening ports
[2026-02-08 16:08:37] Checking suspicious processes...
[2026-02-08 16:08:37] Error: AliiProtectionAgent.log() takes 2 positional arguments but 3 were given
[2026-02-08 16:09:37] Scanning open ports...
[2026-02-08 16:09:37] Found 48 listening ports
[2026-02-08 16:09:37] Checking suspicious processes...
[2026-02-08 16:09:37] Error: AliiProtectionAgent.log() takes 2 positional arguments but 3 were given
[2026-02-08 16:10:37] Scanning open ports...
[2026-02-08 16:10:37] Found 49 listening ports
[2026-02-08 16:10:37] Checking suspicious processes...
[2026-02-08 16:10:37] Error: AliiProtectionAgent.log() takes 2 positional arguments but 3 were given
[2026-02-08 16:11:37] Scanning open ports...
[2026-02-08 16:11:37] Found 48 listening ports
[2026-02-08 16:11:37] Checking suspicious processes...
[2026-02-08 16:11:37] Error: AliiProtectionAgent.log() takes 2 positional arguments but 3 were given
[2026-02-08 16:12:37] Scanning open ports...
[2026-02-08 16:12:37] Found 49 listening ports
[2026-02-08 16:12:37] Checking suspicious processes...
[2026-02-08 16:12:37] Error: AliiProtectionAgent.log() takes 2 positional arguments but 3 were given
[2026-02-08 16:13:37] Scanning open ports...
[2026-02-08 16:13:37] Found 48 listening ports
[2026-02-08 16:13:37] Checking suspicious processes...
[2026-02-08 16:13:37] Error: AliiProtectionAgent.log() takes 2 positional arguments but 3 were given
[2026-02-08 16:14:37] Scanning open ports...
[2026-02-08 16:14:37] Found 49 listening ports
[2026-02-08 16:14:37] Checking suspicious processes...
[2026-02-08 16:14:37] Error: AliiProtectionAgent.log() takes 2 positional arguments but 3 were given
[2026-02-08 16:15:37] Scanning open ports...
[2026-02-08 16:15:37] Found 48 listening ports
[2026-02-08 16:15:37] Checking suspicious processes...
[2026-02-08 16:15:37] Error: AliiProtectionAgent.log() takes 2 positional arguments but 3 were given
[2026-02-08 16:16:37] Scanning open ports...
[2026-02-08 16:16:37] Found 49 listening ports
[2026-02-08 16:16:37] Checking suspicious processes...
[2026-02-08 16:16:38] Error: AliiProtectionAgent.log() takes 2 positional arguments but 3 were given
[2026-02-08 16:17:38] Scanning open ports...
[2026-02-08 16:17:38] Found 48 listening ports
[2026-02-08 16:17:38] Checking suspicious processes...
[2026-02-08 16:17:38] Error: AliiProtectionAgent.log() takes 2 positional arguments but 3 were given
[2026-02-08 16:18:38] Scanning open ports...
[2026-02-08 16:18:38] Found 49 listening ports
[2026-02-08 16:18:38] Checking suspicious processes...
[2026-02-08 16:18:38] Error: AliiProtectionAgent.log() takes 2 positional arguments but 3 were given
[2026-02-08 16:19:38] Scanning open ports...
[2026-02-08 16:19:38] Found 48 listening ports
[2026-02-08 16:19:38] Checking suspicious processes...
[2026-02-08 16:19:38] Error: AliiProtectionAgent.log() takes 2 positional arguments but 3 were given
[2026-02-08 16:20:38] Scanning open ports...
[2026-02-08 16:20:38] Found 49 listening ports
[2026-02-08 16:20:38] Checking suspicious processes...
[2026-02-08 16:20:38] Error: AliiProtectionAgent.log() takes 2 positional arguments but 3 were given
[2026-02-08 16:21:38] Scanning open ports...
[2026-02-08 16:21:38] Found 49 listening ports
[2026-02-08 16:21:38] Checking suspicious processes...
[2026-02-08 16:21:38] Error: AliiProtectionAgent.log() takes 2 positional arguments but 3 were given
[2026-02-08 16:22:38] Scanning open ports...
[2026-02-08 16:22:38] Found 48 listening ports
[2026-02-08 16:22:38] Checking suspicious processes...
[2026-02-08 16:22:38] Error: AliiProtectionAgent.log() takes 2 positional arguments but 3 were given
[2026-02-08 16:23:38] Scanning open ports...
[2026-02-08 16:23:38] Found 49 listening ports
[2026-02-08 16:23:38] Checking suspicious processes...
[2026-02-08 16:23:38] Error: AliiProtectionAgent.log() takes 2 positional arguments but 3 were given
[2026-02-08 16:24:38] Scanning open ports...
[2026-02-08 16:24:38] Found 48 listening ports
[2026-02-08 16:24:38] Checking suspicious processes...
[2026-02-08 16:24:38] Error: AliiProtectionAgent.log() takes 2 positional arguments but 3 were given
[2026-02-08 16:25:38] Scanning open ports...
[2026-02-08 16:25:38] Found 49 listening ports
[2026-02-08 16:25:38] Checking suspicious processes...
[2026-02-08 16:25:38] Error: AliiProtectionAgent.log() takes 2 positional arguments but 3 were given
[2026-02-08 16:26:38] Scanning open ports...
[2026-02-08 16:26:38] Found 48 listening ports
[2026-02-08 16:26:38] Checking suspicious processes...
[2026-02-08 16:26:38] Error: AliiProtectionAgent.log() takes 2 positional arguments but 3 were given
[2026-02-08 16:27:38] Scanning open ports...
[2026-02-08 16:27:38] Found 49 listening ports
[2026-02-08 16:27:38] Checking suspicious processes...
[2026-02-08 16:27:38] Error: AliiProtectionAgent.log() takes 2 positional arguments but 3 were given
[2026-02-08 16:28:38] Scanning open ports...
[2026-02-08 16:28:38] Found 48 listening ports
[2026-02-08 16:28:38] Checking suspicious processes...
[2026-02-08 16:28:38] Error: AliiProtectionAgent.log() takes 2 positional arguments but 3 were given
[2026-02-08 16:29:38] Scanning open ports...
[2026-02-08 16:29:38] Found 49 listening ports
[2026-02-08 16:29:38] Checking suspicious processes...
[2026-02-08 16:29:38] Error: AliiProtectionAgent.log() takes 2 positional arguments but 3 were given
[2026-02-08 16:30:38] Scanning open ports...
[2026-02-08 16:30:38] Found 48 listening ports
[2026-02-08 16:30:38] Checking suspicious processes...
[2026-02-08 16:30:38] Error: AliiProtectionAgent.log() takes 2 positional arguments but 3 were given
[2026-02-08 16:31:38] Scanning open ports...
[2026-02-08 16:31:38] Found 49 listening ports
[2026-02-08 16:31:38] Checking suspicious processes...
[2026-02-08 16:31:38] Error: AliiProtectionAgent.log() takes 2 positional arguments but 3 were given
[2026-02-08 16:32:38] Scanning open ports...
[2026-02-08 16:32:38] Found 48 listening ports
[2026-02-08 16:32:38] Checking suspicious processes...
[2026-02-08 16:32:38] Error: AliiProtectionAgent.log() takes 2 positional arguments but 3 were given
[2026-02-08 16:33:38] Scanning open ports...
[2026-02-08 16:33:38] Found 49 listening ports
[2026-02-08 16:33:38] Checking suspicious processes...
[2026-02-08 16:33:38] Error: AliiProtectionAgent.log() takes 2 positional arguments but 3 were given
[2026-02-08 16:34:38] Scanning open ports...
[2026-02-08 16:34:38] Found 48 listening ports
[2026-02-08 16:34:38] Checking suspicious processes...
[2026-02-08 16:34:38] Error: AliiProtectionAgent.log() takes 2 positional arguments but 3 were given
[2026-02-08 16:35:38] Scanning open ports...
[2026-02-08 16:35:38] Found 49 listening ports
[2026-02-08 16:35:38] Checking suspicious processes...
[2026-02-08 16:35:38] Error: AliiProtectionAgent.log() takes 2 positional arguments but 3 were given
[2026-02-08 16:36:38] Scanning open ports...
[2026-02-08 16:36:38] Found 49 listening ports
[2026-02-08 16:36:38] Checking suspicious processes...
[2026-02-08 16:36:38] Error: AliiProtectionAgent.log() takes 2 positional arguments but 3 were given
[2026-02-08 16:37:38] Scanning open ports...
[2026-02-08 16:37:38] Found 48 listening ports
[2026-02-08 16:37:38] Checking suspicious processes...
[2026-02-08 16:37:38] Error: AliiProtectionAgent.log() takes 2 positional arguments but 3 were given
[2026-02-08 16:38:38] Scanning open ports...
[2026-02-08 16:38:38] Found 49 listening ports
[2026-02-08 16:38:38] Checking suspicious processes...
[2026-02-08 16:38:38] Error: AliiProtectionAgent.log() takes 2 positional arguments but 3 were given
[2026-02-08 16:39:38] Scanning open ports...
[2026-02-08 16:39:38] Found 48 listening ports
[2026-02-08 16:39:38] Checking suspicious processes...
[2026-02-08 16:39:38] Error: AliiProtectionAgent.log() takes 2 positional arguments but 3 were given
[2026-02-08 16:40:38] Scanning open ports...
[2026-02-08 16:40:38] Found 49 listening ports
[2026-02-08 16:40:38] Checking suspicious processes...
[2026-02-08 16:40:38] Error: AliiProtectionAgent.log() takes 2 positional arguments but 3 were given
[2026-02-08 16:41:38] Scanning open ports...
[2026-02-08 16:41:38] Found 48 listening ports
[2026-02-08 16:41:38] Checking suspicious processes...
[2026-02-08 16:41:38] Error: AliiProtectionAgent.log() takes 2 positional arguments but 3 were given
[2026-02-08 16:42:38] Scanning open ports...
[2026-02-08 16:42:38] Found 49 listening ports
[2026-02-08 16:42:38] Checking suspicious processes...
[2026-02-08 16:42:38] Error: AliiProtectionAgent.log() takes 2 positional arguments but 3 were given
[2026-02-08 16:43:38] Scanning open ports...
[2026-02-08 16:43:38] Found 48 listening ports
[2026-02-08 16:43:38] Checking suspicious processes...
[2026-02-08 16:43:38] Error: AliiProtectionAgent.log() takes 2 positional arguments but 3 were given
[2026-02-08 16:44:38] Scanning open ports...
[2026-02-08 16:44:38] Found 49 listening ports
[2026-02-08 16:44:38] Checking suspicious processes...
[2026-02-08 16:44:38] Error: AliiProtectionAgent.log() takes 2 positional arguments but 3 were given
[2026-02-08 16:45:38] Scanning open ports...
[2026-02-08 16:45:38] Found 48 listening ports
[2026-02-08 16:45:38] Checking suspicious processes...
[2026-02-08 16:45:38] Error: AliiProtectionAgent.log() takes 2 positional arguments but 3 were given
[2026-02-08 16:46:38] Scanning open ports...
[2026-02-08 16:46:38] Found 49 listening ports
[2026-02-08 16:46:38] Checking suspicious processes...
[2026-02-08 16:46:39] Error: AliiProtectionAgent.log() takes 2 positional arguments but 3 were given
[2026-02-08 16:47:39] Scanning open ports...
[2026-02-08 16:47:39] Found 48 listening ports
[2026-02-08 16:47:39] Checking suspicious processes...
[2026-02-08 16:47:39] Error: AliiProtectionAgent.log() takes 2 positional arguments but 3 were given
[2026-02-08 16:48:39] Scanning open ports...
[2026-02-08 16:48:39] Found 49 listening ports
[2026-02-08 16:48:39] Checking suspicious processes...
[2026-02-08 16:48:39] Error: AliiProtectionAgent.log() takes 2 positional arguments but 3 were given
[2026-02-08 16:49:39] Scanning open ports...
[2026-02-08 16:49:39] Found 48 listening ports
[2026-02-08 16:49:39] Checking suspicious processes...
[2026-02-08 16:49:39] Error: AliiProtectionAgent.log() takes 2 positional arguments but 3 were given
[2026-02-08 16:50:39] Scanning open ports...
[2026-02-08 16:50:39] Found 49 listening ports
[2026-02-08 16:50:39] Checking suspicious processes...
[2026-02-08 16:50:39] Error: AliiProtectionAgent.log() takes 2 positional arguments but 3 were given
[2026-02-08 16:51:39] Scanning open ports...
[2026-02-08 16:51:39] Found 48 listening ports
[2026-02-08 16:51:39] Checking suspicious processes...
[2026-02-08 16:51:39] Error: AliiProtectionAgent.log() takes 2 positional arguments but 3 were given
[2026-02-08 16:52:39] Scanning open ports...
[2026-02-08 16:52:39] Found 48 listening ports
[2026-02-08 16:52:39] Checking suspicious processes...
[2026-02-08 16:52:39] Error: AliiProtectionAgent.log() takes 2 positional arguments but 3 were given
[2026-02-08 16:53:39] Scanning open ports...
[2026-02-08 16:53:39] Found 49 listening ports
[2026-02-08 16:53:39] Checking suspicious processes...
[2026-02-08 16:53:39] Error: AliiProtectionAgent.log() takes 2 positional arguments but 3 were given
[2026-02-08 16:54:39] Scanning open ports...
[2026-02-08 16:54:39] Found 48 listening ports
[2026-02-08 16:54:39] Checking suspicious processes...
[2026-02-08 16:54:39] Error: AliiProtectionAgent.log() takes 2 positional arguments but 3 were given
[2026-02-08 16:55:39] Scanning open ports...
[2026-02-08 16:55:39] Found 49 listening ports
[2026-02-08 16:55:39] Checking suspicious processes...
[2026-02-08 16:55:39] Error: AliiProtectionAgent.log() takes 2 positional arguments but 3 were given
[2026-02-08 16:56:39] Scanning open ports...
[2026-02-08 16:56:39] Found 48 listening ports
[2026-02-08 16:56:39] Checking suspicious processes...
[2026-02-08 16:56:39] Error: AliiProtectionAgent.log() takes 2 positional arguments but 3 were given
[2026-02-08 16:57:39] Scanning open ports...
[2026-02-08 16:57:39] Found 49 listening ports
[2026-02-08 16:57:39] Checking suspicious processes...
[2026-02-08 16:57:39] Error: AliiProtectionAgent.log() takes 2 positional arguments but 3 were given
[2026-02-08 16:58:39] Scanning open ports...
[2026-02-08 16:58:39] Found 48 listening ports
[2026-02-08 16:58:39] Checking suspicious processes...
[2026-02-08 16:58:39] Error: AliiProtectionAgent.log() takes 2 positional arguments but 3 were given
[2026-02-08 16:59:39] Scanning open ports...
[2026-02-08 16:59:39] Found 49 listening ports
[2026-02-08 16:59:39] Checking suspicious processes...
[2026-02-08 16:59:39] Error: AliiProtectionAgent.log() takes 2 positional arguments but 3 were given
[2026-02-08 17:00:39] Scanning open ports...
[2026-02-08 17:00:39] Found 48 listening ports
[2026-02-08 17:00:39] Checking suspicious processes...
[2026-02-08 17:00:39] Error: AliiProtectionAgent.log() takes 2 positional arguments but 3 were given
[2026-02-08 17:01:39] Scanning open ports...
[2026-02-08 17:01:39] Found 49 listening ports
[2026-02-08 17:01:39] Checking suspicious processes...
[2026-02-08 17:01:39] Error: AliiProtectionAgent.log() takes 2 positional arguments but 3 were given
[2026-02-08 17:02:39] Scanning open ports...
[2026-02-08 17:02:39] Found 48 listening ports
[2026-02-08 17:02:39] Checking suspicious processes...
[2026-02-08 17:02:39] Error: AliiProtectionAgent.log() takes 2 positional arguments but 3 were given
[2026-02-08 17:03:39] Scanning open ports...
[2026-02-08 17:03:39] Found 49 listening ports
[2026-02-08 17:03:39] Checking suspicious processes...
[2026-02-08 17:03:39] Error: AliiProtectionAgent.log() takes 2 positional arguments but 3 were given
[2026-02-08 17:04:39] Scanning open ports...
[2026-02-08 17:04:39] Found 48 listening ports
[2026-02-08 17:04:39] Checking suspicious processes...
[2026-02-08 17:04:39] Error: AliiProtectionAgent.log() takes 2 positional arguments but 3 were given
[2026-02-08 17:05:39] Scanning open ports...
[2026-02-08 17:05:39] Found 49 listening ports
[2026-02-08 17:05:39] Checking suspicious processes...
[2026-02-08 17:05:39] Error: AliiProtectionAgent.log() takes 2 positional arguments but 3 were given
[2026-02-08 17:06:39] Scanning open ports...
[2026-02-08 17:06:39] Found 48 listening ports
[2026-02-08 17:06:39] Checking suspicious processes...
[2026-02-08 17:06:39] Error: AliiProtectionAgent.log() takes 2 positional arguments but 3 were given
[2026-02-08 17:07:39] Scanning open ports...
[2026-02-08 17:07:39] Found 49 listening ports
[2026-02-08 17:07:39] Checking suspicious processes...
[2026-02-08 17:07:39] Error: AliiProtectionAgent.log() takes 2 positional arguments but 3 were given
[2026-02-08 17:08:39] Scanning open ports...
[2026-02-08 17:08:39] Found 49 listening ports
[2026-02-08 17:08:39] Checking suspicious processes...
[2026-02-08 17:08:39] Error: AliiProtectionAgent.log() takes 2 positional arguments but 3 were given
[2026-02-08 17:09:39] Scanning open ports...
[2026-02-08 17:09:39] Found 48 listening ports
[2026-02-08 17:09:39] Checking suspicious processes...
[2026-02-08 17:09:39] Error: AliiProtectionAgent.log() takes 2 positional arguments but 3 were given
[2026-02-08 17:10:39] Scanning open ports...
[2026-02-08 17:10:39] Found 49 listening ports
[2026-02-08 17:10:39] Checking suspicious processes...
[2026-02-08 17:10:39] Error: AliiProtectionAgent.log() takes 2 positional arguments but 3 were given
[2026-02-08 17:11:39] Scanning open ports...
[2026-02-08 17:11:39] Found 48 listening ports
[2026-02-08 17:11:39] Checking suspicious processes...
[2026-02-08 17:11:39] Error: AliiProtectionAgent.log() takes 2 positional arguments but 3 were given
[2026-02-08 17:12:39] Scanning open ports...
[2026-02-08 17:12:39] Found 49 listening ports
[2026-02-08 17:12:39] Checking suspicious processes...
[2026-02-08 17:12:39] Error: AliiProtectionAgent.log() takes 2 positional arguments but 3 were given
[2026-02-08 17:13:39] Scanning open ports...
[2026-02-08 17:13:39] Found 48 listening ports
[2026-02-08 17:13:39] Checking suspicious processes...
[2026-02-08 17:13:39] Error: AliiProtectionAgent.log() takes 2 positional arguments but 3 were given
[2026-02-08 17:14:39] Scanning open ports...
[2026-02-08 17:14:39] Found 49 listening ports
[2026-02-08 17:14:39] Checking suspicious processes...
[2026-02-08 17:14:39] Error: AliiProtectionAgent.log() takes 2 positional arguments but 3 were given
[2026-02-08 17:15:39] Scanning open ports...
[2026-02-08 17:15:39] Found 48 listening ports
[2026-02-08 17:15:39] Checking suspicious processes...2026-02-08 17:15:39] Found 48 listening ports
[2026-02-08 17:15:39] Checking suspicious processes...
[2026-02-08 17:15:39] Error: AliiProtectionAgent.log() takes 2 positional arguments but 3 were given
[2026-02-08 17:16:39] Scanning open ports...
[2026-02-08 17:16:39] Found 49 listening ports
[2026-02-08 17:16:39] Checking suspicious processes...
[2026-02-08 17:16:39] Error: AliiProtectionAgent.log() takes 2 positional arguments but 3 were given
[2026-02-08 17:17:39] Scanning open ports...
[2026-02-08 17:17:39] Found 48 listening ports
[2026-02-08 17:17:39] Checking suspicious processes...
[2026-02-08 17:17:39] Error: AliiProtectionAgent.log() takes 2 positional arguments but 3 were given
[2026-02-08 17:18:39] Scanning open ports...
[2026-02-08 17:18:40] Found 49 listening ports
[2026-02-08 17:18:40] Checking suspicious processes...
[2026-02-08 17:18:40] Error: AliiProtectionAgent.log() takes 2 positional arguments but 3 were given
[2026-02-08 17:19:40] Scanning open ports...
[2026-02-08 17:19:40] Found 48 listening ports
[2026-02-08 17:19:40] Checking suspicious processes...
[2026-02-08 17:19:40] Error: AliiProtectionAgent.log() takes 2 positional arguments but 3 were given
[2026-02-08 17:20:40] Scanning open ports...
[2026-02-08 17:20:40] Found 49 listening ports
[2026-02-08 17:20:40] Checking suspicious processes...
[2026-02-08 17:20:40] Error: AliiProtectionAgent.log() takes 2 positional arguments but 3 were given
[2026-02-08 17:21:40] Scanning open ports...
[2026-02-08 17:21:40] Found 48 listening ports
[2026-02-08 17:21:40] Checking suspicious processes...
[2026-02-08 17:21:40] Error: AliiProtectionAgent.log() takes 2 positional arguments but 3 were given
[2026-02-08 17:22:40] Scanning open ports...
[2026-02-08 17:22:40] Found 49 listening ports
[2026-02-08 17:22:40] Checking suspicious processes...
[2026-02-08 17:22:40] Error: AliiProtectionAgent.log() takes 2 positional arguments but 3 were given
[2026-02-08 17:23:40] Scanning open ports...
[2026-02-08 17:23:40] Found 48 listening ports
[2026-02-08 17:23:40] Checking suspicious processes...
[2026-02-08 17:23:40] Error: AliiProtectionAgent.log() takes 2 positional arguments but 3 were given
[2026-02-08 17:24:40] Scanning open ports...
[2026-02-08 17:24:40] Found 48 listening ports
[2026-02-08 17:24:40] Checking suspicious processes...
[2026-02-08 17:24:40] Error: AliiProtectionAgent.log() takes 2 positional arguments but 3 were given
[2026-02-08 17:25:40] Scanning open ports...
[2026-02-08 17:25:40] Found 49 listening ports
[2026-02-08 17:25:40] Checking suspicious processes...
[2026-02-08 17:25:40] Error: AliiProtectionAgent.log() takes 2 positional arguments but 3 were given
[2026-02-08 17:26:40] Scanning open ports...
[2026-02-08 17:26:40] Found 48 listening ports
[2026-02-08 17:26:40] Checking suspicious processes...
[2026-02-08 17:26:40] Error: AliiProtectionAgent.log() takes 2 positional arguments but 3 were given
[2026-02-08 17:27:40] Scanning open ports...
[2026-02-08 17:27:40] Found 49 listening ports
[2026-02-08 17:27:40] Checking suspicious processes...
[2026-02-08 17:27:40] Error: AliiProtectionAgent.log() takes 2 positional arguments but 3 were given
[2026-02-08 17:28:40] Scanning open ports...
[2026-02-08 17:28:40] Found 48 listening ports
[2026-02-08 17:28:40] Checking suspicious processes...
[2026-02-08 17:28:40] Error: AliiProtectionAgent.log() takes 2 positional arguments but 3 were given
[2026-02-08 17:29:40] Scanning open ports...
[2026-02-08 17:29:40] Found 49 listening ports
[2026-02-08 17:29:40] Checking suspicious processes...
[2026-02-08 17:29:40] Error: AliiProtectionAgent.log() takes 2 positional arguments but 3 were given
[2026-02-08 17:30:40] Scanning open ports...
[2026-02-08 17:30:40] Found 48 listening ports
[2026-02-08 17:30:40] Checking suspicious processes...
[2026-02-08 17:30:40] Error: AliiProtectionAgent.log() takes 2 positional arguments but 3 were given
[2026-02-08 17:31:40] Scanning open ports...
[2026-02-08 17:31:40] Found 49 listening ports
[2026-02-08 17:31:40] Checking suspicious processes...
[2026-02-08 17:31:40] Error: AliiProtectionAgent.log() takes 2 positional arguments but 3 were given
[2026-02-08 17:32:40] Scanning open ports...
[2026-02-08 17:32:40] Found 48 listening ports
[2026-02-08 17:32:40] Checking suspicious processes...
[2026-02-08 17:32:40] Error: AliiProtectionAgent.log() takes 2 positional arguments but 3 were given
[2026-02-08 17:33:40] Scanning open ports...
[2026-02-08 17:33:40] Found 49 listening ports
[2026-02-08 17:33:40] Checking suspicious processes...
[2026-02-08 17:33:40] Error: AliiProtectionAgent.log() takes 2 positional arguments but 3 were given
[2026-02-08 17:34:40] Scanning open ports...
[2026-02-08 17:34:40] Found 48 listening ports
[2026-02-08 17:34:40] Checking suspicious processes...
[2026-02-08 17:34:40] Error: AliiProtectionAgent.log() takes 2 positional arguments but 3 were given
[2026-02-08 17:35:40] Scanning open ports...
[2026-02-08 17:35:40] Found 49 listening ports
[2026-02-08 17:35:40] Checking suspicious processes...
[2026-02-08 17:35:40] Error: AliiProtectionAgent.log() takes 2 positional arguments but 3 were given
[2026-02-08 17:36:40] Scanning open ports...
[2026-02-08 17:36:40] Found 48 listening ports
[2026-02-08 17:36:40] Checking suspicious processes...
[2026-02-08 17:36:40] Error: AliiProtectionAgent.log() takes 2 positional arguments but 3 were given
[2026-02-08 17:37:40] Scanning open ports...
[2026-02-08 17:37:40] Found 49 listening ports
[2026-02-08 17:37:40] Checking suspicious processes...
[2026-02-08 17:37:40] Error: AliiProtectionAgent.log() takes 2 positional arguments but 3 were given
[2026-02-08 17:38:40] Scanning open ports...
[2026-02-08 17:38:40] Found 49 listening ports
[2026-02-08 17:38:40] Checking suspicious processes...
[2026-02-08 17:38:40] Error: AliiProtectionAgent.log() takes 2 positional arguments but 3 were given
[2026-02-08 17:39:40] Scanning open ports...
[2026-02-08 17:39:40] Found 48 listening ports
[2026-02-08 17:39:40] Checking suspicious processes...
[2026-02-08 17:39:40] Error: AliiProtectionAgent.log() takes 2 positional arguments but 3 were given
[2026-02-08 17:40:40] Scanning open ports...
[2026-02-08 17:40:40] Found 49 listening ports
[2026-02-08 17:40:40] Checking suspicious processes...
[2026-02-08 17:40:40] Error: AliiProtectionAgent.log() takes 2 positional arguments but 3 were given
[2026-02-08 17:41:40] Scanning open ports...
[2026-02-08 17:41:40] Found 48 listening ports
[2026-02-08 17:41:40] Checking suspicious processes...
[2026-02-08 17:41:40] Error: AliiProtectionAgent.log() takes 2 positional arguments but 3 were given
[2026-02-08 17:42:40] Scanning open ports...
[2026-02-08 17:42:40] Found 49 listening ports
[2026-02-08 17:42:40] Checking suspicious processes...
[2026-02-08 17:42:40] Error: AliiProtectionAgent.log() takes 2 positional arguments but 3 were given
